Archive member included because of file (symbol)

d:/programs/imt_sdk_win_64/winavr/bin/../lib/gcc/avr/4.3.3/avr5\libgcc.a(_udivmodsi4.o)
                              ./APP/App.o (__udivmodsi4)
d:/programs/imt_sdk_win_64/winavr/bin/../lib/gcc/avr/4.3.3/avr5\libgcc.a(_exit.o)
                              d:/programs/imt_sdk_win_64/winavr/bin/../lib/gcc/avr/4.3.3/../../../../avr/lib/avr5/crtm32.o (exit)
d:/programs/imt_sdk_win_64/winavr/bin/../lib/gcc/avr/4.3.3/avr5\libgcc.a(_copy_data.o)
                              ./APP/App.o (__do_copy_data)
d:/programs/imt_sdk_win_64/winavr/bin/../lib/gcc/avr/4.3.3/avr5\libgcc.a(_clear_bss.o)
                              ./MCAL/Timer1/TI1_Imp.o (__do_clear_bss)

Allocating common symbols
Common symbol       size              file

state_B             0x1               ./APP/App.o
state_A             0x1               ./APP/App.o

Memory Configuration

Name             Origin             Length             Attributes
text             0x00000000         0x00020000         xr
data             0x00800060         0x0000ffa0         rw !x
eeprom           0x00810000         0x00010000         rw !x
fuse             0x00820000         0x00000400         rw !x
lock             0x00830000         0x00000400         rw !x
signature        0x00840000         0x00000400         rw !x
*default*        0x00000000         0xffffffff

Linker script and memory map

LOAD d:/programs/imt_sdk_win_64/winavr/bin/../lib/gcc/avr/4.3.3/../../../../avr/lib/avr5/crtm32.o
LOAD ./MCAL/Timer1/TI1_Imp.o
LOAD ./MCAL/GIE/GIE_PROGRAM.o
LOAD ./MCAL/EXTI/EXTI_PROGRAM.o
LOAD ./MCAL/DIO/DIO_PROGAM.o
LOAD ./HAL/Led/led.o
LOAD ./HAL/Button/button.o
LOAD ./APP/App.o
LOAD ./main.o
LOAD d:/programs/imt_sdk_win_64/winavr/bin/../lib/gcc/avr/4.3.3/avr5\libgcc.a
LOAD d:/programs/imt_sdk_win_64/winavr/bin/../lib/gcc/avr/4.3.3/../../../../avr/lib/avr5\libc.a
LOAD d:/programs/imt_sdk_win_64/winavr/bin/../lib/gcc/avr/4.3.3/avr5\libgcc.a

.hash
 *(.hash)

.dynsym
 *(.dynsym)

.dynstr
 *(.dynstr)

.gnu.version
 *(.gnu.version)

.gnu.version_d
 *(.gnu.version_d)

.gnu.version_r
 *(.gnu.version_r)

.rel.init
 *(.rel.init)

.rela.init
 *(.rela.init)

.rel.text
 *(.rel.text)
 *(.rel.text.*)
 *(.rel.gnu.linkonce.t*)

.rela.text
 *(.rela.text)
 *(.rela.text.*)
 *(.rela.gnu.linkonce.t*)

.rel.fini
 *(.rel.fini)

.rela.fini
 *(.rela.fini)

.rel.rodata
 *(.rel.rodata)
 *(.rel.rodata.*)
 *(.rel.gnu.linkonce.r*)

.rela.rodata
 *(.rela.rodata)
 *(.rela.rodata.*)
 *(.rela.gnu.linkonce.r*)

.rel.data
 *(.rel.data)
 *(.rel.data.*)
 *(.rel.gnu.linkonce.d*)

.rela.data
 *(.rela.data)
 *(.rela.data.*)
 *(.rela.gnu.linkonce.d*)

.rel.ctors
 *(.rel.ctors)

.rela.ctors
 *(.rela.ctors)

.rel.dtors
 *(.rel.dtors)

.rela.dtors
 *(.rela.dtors)

.rel.got
 *(.rel.got)

.rela.got
 *(.rela.got)

.rel.bss
 *(.rel.bss)

.rela.bss
 *(.rela.bss)

.rel.plt
 *(.rel.plt)

.rela.plt
 *(.rela.plt)

.text           0x00000000      0xe2c
 *(.vectors)
 .vectors       0x00000000       0x54 d:/programs/imt_sdk_win_64/winavr/bin/../lib/gcc/avr/4.3.3/../../../../avr/lib/avr5/crtm32.o
                0x00000000                __vectors
                0x00000000                __vector_default
 *(.vectors)
 *(.progmem.gcc*)
 *(.progmem*)
                0x00000054                . = ALIGN (0x2)
                0x00000054                __trampolines_start = .
 *(.trampolines)
 .trampolines   0x00000054        0x0 linker stubs
 *(.trampolines*)
                0x00000054                __trampolines_end = .
 *(.jumptables)
 *(.jumptables*)
 *(.lowtext)
 *(.lowtext*)
                0x00000054                __ctors_start = .
 *(.ctors)
                0x00000054                __ctors_end = .
                0x00000054                __dtors_start = .
 *(.dtors)
                0x00000054                __dtors_end = .
 SORT(*)(.ctors)
 SORT(*)(.dtors)
 *(.init0)
 .init0         0x00000054        0x0 d:/programs/imt_sdk_win_64/winavr/bin/../lib/gcc/avr/4.3.3/../../../../avr/lib/avr5/crtm32.o
                0x00000054                __init
 *(.init0)
 *(.init1)
 *(.init1)
 *(.init2)
 .init2         0x00000054        0xc d:/programs/imt_sdk_win_64/winavr/bin/../lib/gcc/avr/4.3.3/../../../../avr/lib/avr5/crtm32.o
 *(.init2)
 *(.init3)
 *(.init3)
 *(.init4)
 .init4         0x00000060       0x16 d:/programs/imt_sdk_win_64/winavr/bin/../lib/gcc/avr/4.3.3/avr5\libgcc.a(_copy_data.o)
                0x00000060                __do_copy_data
 .init4         0x00000076       0x10 d:/programs/imt_sdk_win_64/winavr/bin/../lib/gcc/avr/4.3.3/avr5\libgcc.a(_clear_bss.o)
                0x00000076                __do_clear_bss
 *(.init4)
 *(.init5)
 *(.init5)
 *(.init6)
 *(.init6)
 *(.init7)
 *(.init7)
 *(.init8)
 *(.init8)
 *(.init9)
 .init9         0x00000086        0x8 d:/programs/imt_sdk_win_64/winavr/bin/../lib/gcc/avr/4.3.3/../../../../avr/lib/avr5/crtm32.o
 *(.init9)
 *(.text)
 .text          0x0000008e        0x4 d:/programs/imt_sdk_win_64/winavr/bin/../lib/gcc/avr/4.3.3/../../../../avr/lib/avr5/crtm32.o
                0x0000008e                __vector_12
                0x0000008e                __bad_interrupt
                0x0000008e                __vector_6
                0x0000008e                __vector_3
                0x0000008e                __vector_11
                0x0000008e                __vector_13
                0x0000008e                __vector_17
                0x0000008e                __vector_19
                0x0000008e                __vector_5
                0x0000008e                __vector_4
                0x0000008e                __vector_9
                0x0000008e                __vector_2
                0x0000008e                __vector_15
                0x0000008e                __vector_8
                0x0000008e                __vector_14
                0x0000008e                __vector_10
                0x0000008e                __vector_16
                0x0000008e                __vector_18
                0x0000008e                __vector_20
 .text          0x00000092        0x0 ./MCAL/Timer1/TI1_Imp.o
 .text          0x00000092        0x0 ./MCAL/GIE/GIE_PROGRAM.o
 .text          0x00000092        0x0 ./MCAL/EXTI/EXTI_PROGRAM.o
 .text          0x00000092        0x0 ./MCAL/DIO/DIO_PROGAM.o
 .text          0x00000092        0x0 ./HAL/Led/led.o
 .text          0x00000092        0x0 ./HAL/Button/button.o
 .text          0x00000092        0x0 ./APP/App.o
 .text          0x00000092        0x0 ./main.o
 .text          0x00000092        0x0 d:/programs/imt_sdk_win_64/winavr/bin/../lib/gcc/avr/4.3.3/avr5\libgcc.a(_udivmodsi4.o)
 .text          0x00000092        0x0 d:/programs/imt_sdk_win_64/winavr/bin/../lib/gcc/avr/4.3.3/avr5\libgcc.a(_exit.o)
 .text          0x00000092        0x0 d:/programs/imt_sdk_win_64/winavr/bin/../lib/gcc/avr/4.3.3/avr5\libgcc.a(_copy_data.o)
 .text          0x00000092        0x0 d:/programs/imt_sdk_win_64/winavr/bin/../lib/gcc/avr/4.3.3/avr5\libgcc.a(_clear_bss.o)
                0x00000092                . = ALIGN (0x2)
 *(.text.*)
 .text.Timer1_CTC_CallBackFunction
                0x00000092       0x2c ./MCAL/Timer1/TI1_Imp.o
                0x00000092                Timer1_CTC_CallBackFunction
 .text.__vector_7
                0x000000be       0x66 ./MCAL/Timer1/TI1_Imp.o
                0x000000be                __vector_7
 .text.Timer1_CTC_init
                0x00000124      0x194 ./MCAL/Timer1/TI1_Imp.o
                0x00000124                Timer1_CTC_init
 .text.GIE_voidEnable
                0x000002b8       0x1c ./MCAL/GIE/GIE_PROGRAM.o
                0x000002b8                GIE_voidEnable
 .text.GIE_voidDisable
                0x000002d4       0x1c ./MCAL/GIE/GIE_PROGRAM.o
                0x000002d4                GIE_voidDisable
 .text.EXTI_voidInt0Init
                0x000002f0       0x4c ./MCAL/EXTI/EXTI_PROGRAM.o
                0x000002f0                EXTI_voidInt0Init
 .text.IN0_CallBackFunction
                0x0000033c       0x2c ./MCAL/EXTI/EXTI_PROGRAM.o
                0x0000033c                IN0_CallBackFunction
 .text.__vector_1
                0x00000368       0x66 ./MCAL/EXTI/EXTI_PROGRAM.o
                0x00000368                __vector_1
 .text.DIO_SetPinDirection
                0x000003ce      0x1e4 ./MCAL/DIO/DIO_PROGAM.o
                0x000003ce                DIO_SetPinDirection
 .text.DIO_SetPinValue
                0x000005b2      0x1e4 ./MCAL/DIO/DIO_PROGAM.o
                0x000005b2                DIO_SetPinValue
 .text.DIO_GetPinValue
                0x00000796      0x100 ./MCAL/DIO/DIO_PROGAM.o
                0x00000796                DIO_GetPinValue
 .text.DIO_SetPortDirection
                0x00000896       0x82 ./MCAL/DIO/DIO_PROGAM.o
                0x00000896                DIO_SetPortDirection
 .text.DIO_SetPortValue
                0x00000918       0x82 ./MCAL/DIO/DIO_PROGAM.o
                0x00000918                DIO_SetPortValue
 .text.DIO_GetPortValue
                0x0000099a       0x88 ./MCAL/DIO/DIO_PROGAM.o
                0x0000099a                DIO_GetPortValue
 .text.LED_init
                0x00000a22       0x24 ./HAL/Led/led.o
                0x00000a22                LED_init
 .text.LED_on   0x00000a46       0x24 ./HAL/Led/led.o
                0x00000a46                LED_on
 .text.LED_off  0x00000a6a       0x24 ./HAL/Led/led.o
                0x00000a6a                LED_off
 .text.LED_toggle
                0x00000a8e       0x44 ./HAL/Led/led.o
                0x00000a8e                LED_toggle
 .text.BUTTON_init
                0x00000ad2       0x24 ./HAL/Button/button.o
                0x00000ad2                BUTTON_init
 .text.BUTTON_read
                0x00000af6       0x20 ./HAL/Button/button.o
                0x00000af6                BUTTON_read
 .text.APP_start
                0x00000b16       0x6c ./APP/App.o
                0x00000b16                APP_start
 .text.led      0x00000b82      0x18e ./APP/App.o
                0x00000b82                led
 .text.button   0x00000d10       0x22 ./APP/App.o
                0x00000d10                button
 .text.main     0x00000d32        0xe ./main.o
                0x00000d32                main
 .text.Led_test
                0x00000d40       0x24 ./main.o
                0x00000d40                Led_test
 .text.EXTI_test
                0x00000d64       0x26 ./main.o
                0x00000d64                EXTI_test
 .text.Timer_test
                0x00000d8a       0x20 ./main.o
                0x00000d8a                Timer_test
 .text.Led_test_timer
                0x00000daa       0x3a ./main.o
                0x00000daa                Led_test_timer
 .text.libgcc   0x00000de4       0x44 d:/programs/imt_sdk_win_64/winavr/bin/../lib/gcc/avr/4.3.3/avr5\libgcc.a(_udivmodsi4.o)
                0x00000de4                __udivmodsi4
 .text.libgcc   0x00000e28        0x0 d:/programs/imt_sdk_win_64/winavr/bin/../lib/gcc/avr/4.3.3/avr5\libgcc.a(_exit.o)
 .text.libgcc   0x00000e28        0x0 d:/programs/imt_sdk_win_64/winavr/bin/../lib/gcc/avr/4.3.3/avr5\libgcc.a(_copy_data.o)
 .text.libgcc   0x00000e28        0x0 d:/programs/imt_sdk_win_64/winavr/bin/../lib/gcc/avr/4.3.3/avr5\libgcc.a(_clear_bss.o)
                0x00000e28                . = ALIGN (0x2)
 *(.fini9)
 .fini9         0x00000e28        0x0 d:/programs/imt_sdk_win_64/winavr/bin/../lib/gcc/avr/4.3.3/avr5\libgcc.a(_exit.o)
                0x00000e28                exit
                0x00000e28                _exit
 *(.fini9)
 *(.fini8)
 *(.fini8)
 *(.fini7)
 *(.fini7)
 *(.fini6)
 *(.fini6)
 *(.fini5)
 *(.fini5)
 *(.fini4)
 *(.fini4)
 *(.fini3)
 *(.fini3)
 *(.fini2)
 *(.fini2)
 *(.fini1)
 *(.fini1)
 *(.fini0)
 .fini0         0x00000e28        0x4 d:/programs/imt_sdk_win_64/winavr/bin/../lib/gcc/avr/4.3.3/avr5\libgcc.a(_exit.o)
 *(.fini0)
                0x00000e2c                _etext = .

.data           0x00800060        0x2 load address 0x00000e2c
                0x00800060                PROVIDE (__data_start, .)
 *(.data)
 .data          0x00800060        0x0 d:/programs/imt_sdk_win_64/winavr/bin/../lib/gcc/avr/4.3.3/../../../../avr/lib/avr5/crtm32.o
 .data          0x00800060        0x0 ./MCAL/Timer1/TI1_Imp.o
 .data          0x00800060        0x0 ./MCAL/GIE/GIE_PROGRAM.o
 .data          0x00800060        0x0 ./MCAL/EXTI/EXTI_PROGRAM.o
 .data          0x00800060        0x0 ./MCAL/DIO/DIO_PROGAM.o
 .data          0x00800060        0x0 ./HAL/Led/led.o
 .data          0x00800060        0x0 ./HAL/Button/button.o
 .data          0x00800060        0x0 ./APP/App.o
 .data          0x00800060        0x0 ./main.o
 .data          0x00800060        0x0 d:/programs/imt_sdk_win_64/winavr/bin/../lib/gcc/avr/4.3.3/avr5\libgcc.a(_udivmodsi4.o)
 .data          0x00800060        0x0 d:/programs/imt_sdk_win_64/winavr/bin/../lib/gcc/avr/4.3.3/avr5\libgcc.a(_exit.o)
 .data          0x00800060        0x0 d:/programs/imt_sdk_win_64/winavr/bin/../lib/gcc/avr/4.3.3/avr5\libgcc.a(_copy_data.o)
 .data          0x00800060        0x0 d:/programs/imt_sdk_win_64/winavr/bin/../lib/gcc/avr/4.3.3/avr5\libgcc.a(_clear_bss.o)
 *(.data*)
 .data.counter.1281
                0x00800060        0x1 ./APP/App.o
 *(.rodata)
 *(.rodata*)
 *(.gnu.linkonce.d*)
                0x00800062                . = ALIGN (0x2)
 *fill*         0x00800061        0x1 00
                0x00800062                _edata = .
                0x00800062                PROVIDE (__data_end, .)

.bss            0x00800062        0xf
                0x00800062                PROVIDE (__bss_start, .)
 *(.bss)
 .bss           0x00800062        0x0 d:/programs/imt_sdk_win_64/winavr/bin/../lib/gcc/avr/4.3.3/../../../../avr/lib/avr5/crtm32.o
 .bss           0x00800062        0x0 ./MCAL/Timer1/TI1_Imp.o
 .bss           0x00800062        0x0 ./MCAL/GIE/GIE_PROGRAM.o
 .bss           0x00800062        0x0 ./MCAL/EXTI/EXTI_PROGRAM.o
 .bss           0x00800062        0x0 ./MCAL/DIO/DIO_PROGAM.o
 .bss           0x00800062        0x0 ./HAL/Led/led.o
 .bss           0x00800062        0x0 ./HAL/Button/button.o
 .bss           0x00800062        0x0 ./APP/App.o
 .bss           0x00800062        0x0 ./main.o
 .bss           0x00800062        0x0 d:/programs/imt_sdk_win_64/winavr/bin/../lib/gcc/avr/4.3.3/avr5\libgcc.a(_udivmodsi4.o)
 .bss           0x00800062        0x0 d:/programs/imt_sdk_win_64/winavr/bin/../lib/gcc/avr/4.3.3/avr5\libgcc.a(_exit.o)
 .bss           0x00800062        0x0 d:/programs/imt_sdk_win_64/winavr/bin/../lib/gcc/avr/4.3.3/avr5\libgcc.a(_copy_data.o)
 .bss           0x00800062        0x0 d:/programs/imt_sdk_win_64/winavr/bin/../lib/gcc/avr/4.3.3/avr5\libgcc.a(_clear_bss.o)
 *(.bss*)
 .bss.GPTF_CTC  0x00800062        0x2 ./MCAL/Timer1/TI1_Imp.o
 .bss.GPTF_Int0
                0x00800064        0x2 ./MCAL/EXTI/EXTI_PROGRAM.o
 .bss.mode      0x00800066        0x1 ./APP/App.o
                0x00800066                mode
 .bss.button_press
                0x00800067        0x1 ./APP/App.o
                0x00800067                button_press
 .bss.counter2.1282
                0x00800068        0x4 ./APP/App.o
 .bss.state.1288
                0x0080006c        0x1 ./main.o
 .bss.state.1299
                0x0080006d        0x1 ./main.o
 .bss.counter.1298
                0x0080006e        0x1 ./main.o
 *(COMMON)
 COMMON         0x0080006f        0x2 ./APP/App.o
                0x0080006f                state_B
                0x00800070                state_A
                0x00800071                PROVIDE (__bss_end, .)
                0x00000e2c                __data_load_start = LOADADDR (.data)
                0x00000e2e                __data_load_end = (__data_load_start + SIZEOF (.data))

.noinit         0x00800071        0x0
                0x00800071                PROVIDE (__noinit_start, .)
 *(.noinit*)
                0x00800071                PROVIDE (__noinit_end, .)
                0x00800071                _end = .
                0x00800071                PROVIDE (__heap_start, .)

.eeprom         0x00810000        0x0
 *(.eeprom*)
                0x00810000                __eeprom_end = .

.fuse
 *(.fuse)
 *(.lfuse)
 *(.hfuse)
 *(.efuse)

.lock
 *(.lock*)

.signature
 *(.signature*)

.stab           0x00000000     0x1b6c
 *(.stab)
 .stab          0x00000000      0x378 ./MCAL/Timer1/TI1_Imp.o
 .stab          0x00000378      0x1bc ./MCAL/GIE/GIE_PROGRAM.o
                                0x1c8 (size before relaxing)
 .stab          0x00000534      0x294 ./MCAL/EXTI/EXTI_PROGRAM.o
                                0x2a0 (size before relaxing)
 .stab          0x000007c8      0x5b8 ./MCAL/DIO/DIO_PROGAM.o
                                0x5c4 (size before relaxing)
 .stab          0x00000d80      0x33c ./HAL/Led/led.o
                                0x348 (size before relaxing)
 .stab          0x000010bc      0x270 ./HAL/Button/button.o
                                0x27c (size before relaxing)
 .stab          0x0000132c      0x534 ./APP/App.o
                                0x540 (size before relaxing)
 .stab          0x00001860      0x30c ./main.o
                                0x414 (size before relaxing)

.stabstr        0x00000000      0xf24
 *(.stabstr)
 .stabstr       0x00000000      0xf24 ./MCAL/Timer1/TI1_Imp.o

.stab.excl
 *(.stab.excl)

.stab.exclstr
 *(.stab.exclstr)

.stab.index
 *(.stab.index)

.stab.indexstr
 *(.stab.indexstr)

.comment
 *(.comment)

.debug
 *(.debug)

.line
 *(.line)

.debug_srcinfo
 *(.debug_srcinfo)

.debug_sfnames
 *(.debug_sfnames)

.debug_aranges
 *(.debug_aranges)

.debug_pubnames
 *(.debug_pubnames)

.debug_info
 *(.debug_info)
 *(.gnu.linkonce.wi.*)

.debug_abbrev
 *(.debug_abbrev)

.debug_line
 *(.debug_line)

.debug_frame
 *(.debug_frame)

.debug_str
 *(.debug_str)

.debug_loc
 *(.debug_loc)

.debug_macinfo
 *(.debug_macinfo)
OUTPUT(Traffic_Light_controller.elf elf32-avr)
LOAD linker stubs
